// Jest Snapshot v1, https://goo.gl/fbAQLP

exports[`Header renders without crashing 1`] = `
ShallowWrapper {
  Symbol(enzyme.__root__): [Circular],
  Symbol(enzyme.__unrendered__): <Header
    isNavbarOpen={true}
    toggleNavbarMenu={[Function]}
  />,
  Symbol(enzyme.__renderer__): Object {
    "batchedUpdates": [Function],
    "checkPropTypes": [Function],
    "getNode": [Function],
    "render": [Function],
    "simulateError": [Function],
    "simulateEvent": [Function],
    "unmount": [Function],
  },
  Symbol(enzyme.__node__): Object {
    "instance": null,
    "key": undefined,
    "nodeType": "host",
    "props": Object {
      "children": <Navbar
        color="light"
        expand="md"
        light={true}
        tag="nav"
      >
        <Link
          className="navbar-brand"
          to="/"
        >
          Advertly
        </Link>
        <NavbarToggler
          onClick={[Function]}
          tag="button"
          type="button"
        />
        <Collapse
          appear={false}
          enter={true}
          exit={true}
          in={false}
          isOpen={true}
          mountOnEnter={false}
          navbar={true}
          onEnter={[Function]}
          onEntered={[Function]}
          onEntering={[Function]}
          onExit={[Function]}
          onExited={[Function]}
          onExiting={[Function]}
          tag="div"
          timeout={350}
          unmountOnExit={false}
        >
          <Nav
            className="ml-auto"
            navbar={true}
            tag="ul"
            vertical={false}
          >
            <NavItem
              tag="li"
            >
              <NavLink
                className="nav-link"
                to="/users"
              >
                Users
              </NavLink>
            </NavItem>
            <UncontrolledDropdown
              inNavbar={true}
              nav={true}
            >
              <DropdownToggle
                aria-haspopup={true}
                caret={true}
                color="secondary"
                nav={true}
              >
                Guest
              </DropdownToggle>
              <DropdownMenu
                flip={true}
                right={true}
                tag="div"
              >
                <React.Fragment>
                  <Link
                    to="/login"
                  >
                    <DropdownItem
                      tag="button"
                      toggle={true}
                    >
                      Log in
                    </DropdownItem>
                  </Link>
                  <Link
                    to="/register"
                  >
                    <DropdownItem
                      tag="button"
                      toggle={true}
                    >
                      Register
                    </DropdownItem>
                  </Link>
                </React.Fragment>
              </DropdownMenu>
            </UncontrolledDropdown>
          </Nav>
        </Collapse>
      </Navbar>,
    },
    "ref": null,
    "rendered": Object {
      "instance": null,
      "key": undefined,
      "nodeType": "function",
      "props": Object {
        "children": Array [
          <Link
            className="navbar-brand"
            to="/"
          >
            Advertly
          </Link>,
          <NavbarToggler
            onClick={[Function]}
            tag="button"
            type="button"
          />,
          <Collapse
            appear={false}
            enter={true}
            exit={true}
            in={false}
            isOpen={true}
            mountOnEnter={false}
            navbar={true}
            onEnter={[Function]}
            onEntered={[Function]}
            onEntering={[Function]}
            onExit={[Function]}
            onExited={[Function]}
            onExiting={[Function]}
            tag="div"
            timeout={350}
            unmountOnExit={false}
          >
            <Nav
              className="ml-auto"
              navbar={true}
              tag="ul"
              vertical={false}
            >
              <NavItem
                tag="li"
              >
                <NavLink
                  className="nav-link"
                  to="/users"
                >
                  Users
                </NavLink>
              </NavItem>
              <UncontrolledDropdown
                inNavbar={true}
                nav={true}
              >
                <DropdownToggle
                  aria-haspopup={true}
                  caret={true}
                  color="secondary"
                  nav={true}
                >
                  Guest
                </DropdownToggle>
                <DropdownMenu
                  flip={true}
                  right={true}
                  tag="div"
                >
                  <React.Fragment>
                    <Link
                      to="/login"
                    >
                      <DropdownItem
                        tag="button"
                        toggle={true}
                      >
                        Log in
                      </DropdownItem>
                    </Link>
                    <Link
                      to="/register"
                    >
                      <DropdownItem
                        tag="button"
                        toggle={true}
                      >
                        Register
                      </DropdownItem>
                    </Link>
                  </React.Fragment>
                </DropdownMenu>
              </UncontrolledDropdown>
            </Nav>
          </Collapse>,
        ],
        "color": "light",
        "expand": "md",
        "light": true,
        "tag": "nav",
      },
      "ref": null,
      "rendered": Array [
        Object {
          "instance": null,
          "key": undefined,
          "nodeType": "class",
          "props": Object {
            "children": "Advertly",
            "className": "navbar-brand",
            "to": "/",
          },
          "ref": null,
          "rendered": "Advertly",
          "type": [Function],
        },
        Object {
          "instance": null,
          "key": undefined,
          "nodeType": "function",
          "props": Object {
            "onClick": [Function],
            "tag": "button",
            "type": "button",
          },
          "ref": null,
          "rendered": null,
          "type": [Function],
        },
        Object {
          "instance": null,
          "key": undefined,
          "nodeType": "class",
          "props": Object {
            "appear": false,
            "children": <Nav
              className="ml-auto"
              navbar={true}
              tag="ul"
              vertical={false}
            >
              <NavItem
                tag="li"
              >
                <NavLink
                  className="nav-link"
                  to="/users"
                >
                  Users
                </NavLink>
              </NavItem>
              <UncontrolledDropdown
                inNavbar={true}
                nav={true}
              >
                <DropdownToggle
                  aria-haspopup={true}
                  caret={true}
                  color="secondary"
                  nav={true}
                >
                  Guest
                </DropdownToggle>
                <DropdownMenu
                  flip={true}
                  right={true}
                  tag="div"
                >
                  <React.Fragment>
                    <Link
                      to="/login"
                    >
                      <DropdownItem
                        tag="button"
                        toggle={true}
                      >
                        Log in
                      </DropdownItem>
                    </Link>
                    <Link
                      to="/register"
                    >
                      <DropdownItem
                        tag="button"
                        toggle={true}
                      >
                        Register
                      </DropdownItem>
                    </Link>
                  </React.Fragment>
                </DropdownMenu>
              </UncontrolledDropdown>
            </Nav>,
            "enter": true,
            "exit": true,
            "in": false,
            "isOpen": true,
            "mountOnEnter": false,
            "navbar": true,
            "onEnter": [Function],
            "onEntered": [Function],
            "onEntering": [Function],
            "onExit": [Function],
            "onExited": [Function],
            "onExiting": [Function],
            "tag": "div",
            "timeout": 350,
            "unmountOnExit": false,
          },
          "ref": null,
          "rendered": Object {
            "instance": null,
            "key": undefined,
            "nodeType": "function",
            "props": Object {
              "children": Array [
                <NavItem
                  tag="li"
                >
                  <NavLink
                    className="nav-link"
                    to="/users"
                  >
                    Users
                  </NavLink>
                </NavItem>,
                <UncontrolledDropdown
                  inNavbar={true}
                  nav={true}
                >
                  <DropdownToggle
                    aria-haspopup={true}
                    caret={true}
                    color="secondary"
                    nav={true}
                  >
                    Guest
                  </DropdownToggle>
                  <DropdownMenu
                    flip={true}
                    right={true}
                    tag="div"
                  >
                    <React.Fragment>
                      <Link
                        to="/login"
                      >
                        <DropdownItem
                          tag="button"
                          toggle={true}
                        >
                          Log in
                        </DropdownItem>
                      </Link>
                      <Link
                        to="/register"
                      >
                        <DropdownItem
                          tag="button"
                          toggle={true}
                        >
                          Register
                        </DropdownItem>
                      </Link>
                    </React.Fragment>
                  </DropdownMenu>
                </UncontrolledDropdown>,
              ],
              "className": "ml-auto",
              "navbar": true,
              "tag": "ul",
              "vertical": false,
            },
            "ref": null,
            "rendered": Array [
              Object {
                "instance": null,
                "key": undefined,
                "nodeType": "function",
                "props": Object {
                  "children": <NavLink
                    className="nav-link"
                    to="/users"
                  >
                    Users
                  </NavLink>,
                  "tag": "li",
                },
                "ref": null,
                "rendered": Object {
                  "instance": null,
                  "key": undefined,
                  "nodeType": "function",
                  "props": Object {
                    "children": "Users",
                    "className": "nav-link",
                    "to": "/users",
                  },
                  "ref": null,
                  "rendered": "Users",
                  "type": [Function],
                },
                "type": [Function],
              },
              Object {
                "instance": null,
                "key": undefined,
                "nodeType": "class",
                "props": Object {
                  "children": Array [
                    <DropdownToggle
                      aria-haspopup={true}
                      caret={true}
                      color="secondary"
                      nav={true}
                    >
                      Guest
                    </DropdownToggle>,
                    <DropdownMenu
                      flip={true}
                      right={true}
                      tag="div"
                    >
                      <React.Fragment>
                        <Link
                          to="/login"
                        >
                          <DropdownItem
                            tag="button"
                            toggle={true}
                          >
                            Log in
                          </DropdownItem>
                        </Link>
                        <Link
                          to="/register"
                        >
                          <DropdownItem
                            tag="button"
                            toggle={true}
                          >
                            Register
                          </DropdownItem>
                        </Link>
                      </React.Fragment>
                    </DropdownMenu>,
                  ],
                  "inNavbar": true,
                  "nav": true,
                },
                "ref": null,
                "rendered": Array [
                  Object {
                    "instance": null,
                    "key": undefined,
                    "nodeType": "class",
                    "props": Object {
                      "aria-haspopup": true,
                      "caret": true,
                      "children": "Guest",
                      "color": "secondary",
                      "nav": true,
                    },
                    "ref": null,
                    "rendered": "Guest",
                    "type": [Function],
                  },
                  Object {
                    "instance": null,
                    "key": undefined,
                    "nodeType": "function",
                    "props": Object {
                      "children": <React.Fragment>
                        <Link
                          to="/login"
                        >
                          <DropdownItem
                            tag="button"
                            toggle={true}
                          >
                            Log in
                          </DropdownItem>
                        </Link>
                        <Link
                          to="/register"
                        >
                          <DropdownItem
                            tag="button"
                            toggle={true}
                          >
                            Register
                          </DropdownItem>
                        </Link>
                      </React.Fragment>,
                      "flip": true,
                      "right": true,
                      "tag": "div",
                    },
                    "ref": null,
                    "rendered": Object {
                      "instance": null,
                      "key": undefined,
                      "nodeType": "function",
                      "props": Object {
                        "children": Array [
                          <Link
                            to="/login"
                          >
                            <DropdownItem
                              tag="button"
                              toggle={true}
                            >
                              Log in
                            </DropdownItem>
                          </Link>,
                          <Link
                            to="/register"
                          >
                            <DropdownItem
                              tag="button"
                              toggle={true}
                            >
                              Register
                            </DropdownItem>
                          </Link>,
                        ],
                      },
                      "ref": null,
                      "rendered": Array [
                        Object {
                          "instance": null,
                          "key": undefined,
                          "nodeType": "class",
                          "props": Object {
                            "children": <DropdownItem
                              tag="button"
                              toggle={true}
                            >
                              Log in
                            </DropdownItem>,
                            "to": "/login",
                          },
                          "ref": null,
                          "rendered": Object {
                            "instance": null,
                            "key": undefined,
                            "nodeType": "class",
                            "props": Object {
                              "children": "Log in",
                              "tag": "button",
                              "toggle": true,
                            },
                            "ref": null,
                            "rendered": "Log in",
                            "type": [Function],
                          },
                          "type": [Function],
                        },
                        Object {
                          "instance": null,
                          "key": undefined,
                          "nodeType": "class",
                          "props": Object {
                            "children": <DropdownItem
                              tag="button"
                              toggle={true}
                            >
                              Register
                            </DropdownItem>,
                            "to": "/register",
                          },
                          "ref": null,
                          "rendered": Object {
                            "instance": null,
                            "key": undefined,
                            "nodeType": "class",
                            "props": Object {
                              "children": "Register",
                              "tag": "button",
                              "toggle": true,
                            },
                            "ref": null,
                            "rendered": "Register",
                            "type": [Function],
                          },
                          "type": [Function],
                        },
                      ],
                      "type": Symbol(react.fragment),
                    },
                    "type": [Function],
                  },
                ],
                "type": [Function],
              },
            ],
            "type": [Function],
          },
          "type": [Function],
        },
      ],
      "type": [Function],
    },
    "type": "div",
  },
  Symbol(enzyme.__nodes__): Array [
    Object {
      "instance": null,
      "key": undefined,
      "nodeType": "host",
      "props": Object {
        "children": <Navbar
          color="light"
          expand="md"
          light={true}
          tag="nav"
        >
          <Link
            className="navbar-brand"
            to="/"
          >
            Advertly
          </Link>
          <NavbarToggler
            onClick={[Function]}
            tag="button"
            type="button"
          />
          <Collapse
            appear={false}
            enter={true}
            exit={true}
            in={false}
            isOpen={true}
            mountOnEnter={false}
            navbar={true}
            onEnter={[Function]}
            onEntered={[Function]}
            onEntering={[Function]}
            onExit={[Function]}
            onExited={[Function]}
            onExiting={[Function]}
            tag="div"
            timeout={350}
            unmountOnExit={false}
          >
            <Nav
              className="ml-auto"
              navbar={true}
              tag="ul"
              vertical={false}
            >
              <NavItem
                tag="li"
              >
                <NavLink
                  className="nav-link"
                  to="/users"
                >
                  Users
                </NavLink>
              </NavItem>
              <UncontrolledDropdown
                inNavbar={true}
                nav={true}
              >
                <DropdownToggle
                  aria-haspopup={true}
                  caret={true}
                  color="secondary"
                  nav={true}
                >
                  Guest
                </DropdownToggle>
                <DropdownMenu
                  flip={true}
                  right={true}
                  tag="div"
                >
                  <React.Fragment>
                    <Link
                      to="/login"
                    >
                      <DropdownItem
                        tag="button"
                        toggle={true}
                      >
                        Log in
                      </DropdownItem>
                    </Link>
                    <Link
                      to="/register"
                    >
                      <DropdownItem
                        tag="button"
                        toggle={true}
                      >
                        Register
                      </DropdownItem>
                    </Link>
                  </React.Fragment>
                </DropdownMenu>
              </UncontrolledDropdown>
            </Nav>
          </Collapse>
        </Navbar>,
      },
      "ref": null,
      "rendered": Object {
        "instance": null,
        "key": undefined,
        "nodeType": "function",
        "props": Object {
          "children": Array [
            <Link
              className="navbar-brand"
              to="/"
            >
              Advertly
            </Link>,
            <NavbarToggler
              onClick={[Function]}
              tag="button"
              type="button"
            />,
            <Collapse
              appear={false}
              enter={true}
              exit={true}
              in={false}
              isOpen={true}
              mountOnEnter={false}
              navbar={true}
              onEnter={[Function]}
              onEntered={[Function]}
              onEntering={[Function]}
              onExit={[Function]}
              onExited={[Function]}
              onExiting={[Function]}
              tag="div"
              timeout={350}
              unmountOnExit={false}
            >
              <Nav
                className="ml-auto"
                navbar={true}
                tag="ul"
                vertical={false}
              >
                <NavItem
                  tag="li"
                >
                  <NavLink
                    className="nav-link"
                    to="/users"
                  >
                    Users
                  </NavLink>
                </NavItem>
                <UncontrolledDropdown
                  inNavbar={true}
                  nav={true}
                >
                  <DropdownToggle
                    aria-haspopup={true}
                    caret={true}
                    color="secondary"
                    nav={true}
                  >
                    Guest
                  </DropdownToggle>
                  <DropdownMenu
                    flip={true}
                    right={true}
                    tag="div"
                  >
                    <React.Fragment>
                      <Link
                        to="/login"
                      >
                        <DropdownItem
                          tag="button"
                          toggle={true}
                        >
                          Log in
                        </DropdownItem>
                      </Link>
                      <Link
                        to="/register"
                      >
                        <DropdownItem
                          tag="button"
                          toggle={true}
                        >
                          Register
                        </DropdownItem>
                      </Link>
                    </React.Fragment>
                  </DropdownMenu>
                </UncontrolledDropdown>
              </Nav>
            </Collapse>,
          ],
          "color": "light",
          "expand": "md",
          "light": true,
          "tag": "nav",
        },
        "ref": null,
        "rendered": Array [
          Object {
            "instance": null,
            "key": undefined,
            "nodeType": "class",
            "props": Object {
              "children": "Advertly",
              "className": "navbar-brand",
              "to": "/",
            },
            "ref": null,
            "rendered": "Advertly",
            "type": [Function],
          },
          Object {
            "instance": null,
            "key": undefined,
            "nodeType": "function",
            "props": Object {
              "onClick": [Function],
              "tag": "button",
              "type": "button",
            },
            "ref": null,
            "rendered": null,
            "type": [Function],
          },
          Object {
            "instance": null,
            "key": undefined,
            "nodeType": "class",
            "props": Object {
              "appear": false,
              "children": <Nav
                className="ml-auto"
                navbar={true}
                tag="ul"
                vertical={false}
              >
                <NavItem
                  tag="li"
                >
                  <NavLink
                    className="nav-link"
                    to="/users"
                  >
                    Users
                  </NavLink>
                </NavItem>
                <UncontrolledDropdown
                  inNavbar={true}
                  nav={true}
                >
                  <DropdownToggle
                    aria-haspopup={true}
                    caret={true}
                    color="secondary"
                    nav={true}
                  >
                    Guest
                  </DropdownToggle>
                  <DropdownMenu
                    flip={true}
                    right={true}
                    tag="div"
                  >
                    <React.Fragment>
                      <Link
                        to="/login"
                      >
                        <DropdownItem
                          tag="button"
                          toggle={true}
                        >
                          Log in
                        </DropdownItem>
                      </Link>
                      <Link
                        to="/register"
                      >
                        <DropdownItem
                          tag="button"
                          toggle={true}
                        >
                          Register
                        </DropdownItem>
                      </Link>
                    </React.Fragment>
                  </DropdownMenu>
                </UncontrolledDropdown>
              </Nav>,
              "enter": true,
              "exit": true,
              "in": false,
              "isOpen": true,
              "mountOnEnter": false,
              "navbar": true,
              "onEnter": [Function],
              "onEntered": [Function],
              "onEntering": [Function],
              "onExit": [Function],
              "onExited": [Function],
              "onExiting": [Function],
              "tag": "div",
              "timeout": 350,
              "unmountOnExit": false,
            },
            "ref": null,
            "rendered": Object {
              "instance": null,
              "key": undefined,
              "nodeType": "function",
              "props": Object {
                "children": Array [
                  <NavItem
                    tag="li"
                  >
                    <NavLink
                      className="nav-link"
                      to="/users"
                    >
                      Users
                    </NavLink>
                  </NavItem>,
                  <UncontrolledDropdown
                    inNavbar={true}
                    nav={true}
                  >
                    <DropdownToggle
                      aria-haspopup={true}
                      caret={true}
                      color="secondary"
                      nav={true}
                    >
                      Guest
                    </DropdownToggle>
                    <DropdownMenu
                      flip={true}
                      right={true}
                      tag="div"
                    >
                      <React.Fragment>
                        <Link
                          to="/login"
                        >
                          <DropdownItem
                            tag="button"
                            toggle={true}
                          >
                            Log in
                          </DropdownItem>
                        </Link>
                        <Link
                          to="/register"
                        >
                          <DropdownItem
                            tag="button"
                            toggle={true}
                          >
                            Register
                          </DropdownItem>
                        </Link>
                      </React.Fragment>
                    </DropdownMenu>
                  </UncontrolledDropdown>,
                ],
                "className": "ml-auto",
                "navbar": true,
                "tag": "ul",
                "vertical": false,
              },
              "ref": null,
              "rendered": Array [
                Object {
                  "instance": null,
                  "key": undefined,
                  "nodeType": "function",
                  "props": Object {
                    "children": <NavLink
                      className="nav-link"
                      to="/users"
                    >
                      Users
                    </NavLink>,
                    "tag": "li",
                  },
                  "ref": null,
                  "rendered": Object {
                    "instance": null,
                    "key": undefined,
                    "nodeType": "function",
                    "props": Object {
                      "children": "Users",
                      "className": "nav-link",
                      "to": "/users",
                    },
                    "ref": null,
                    "rendered": "Users",
                    "type": [Function],
                  },
                  "type": [Function],
                },
                Object {
                  "instance": null,
                  "key": undefined,
                  "nodeType": "class",
                  "props": Object {
                    "children": Array [
                      <DropdownToggle
                        aria-haspopup={true}
                        caret={true}
                        color="secondary"
                        nav={true}
                      >
                        Guest
                      </DropdownToggle>,
                      <DropdownMenu
                        flip={true}
                        right={true}
                        tag="div"
                      >
                        <React.Fragment>
                          <Link
                            to="/login"
                          >
                            <DropdownItem
                              tag="button"
                              toggle={true}
                            >
                              Log in
                            </DropdownItem>
                          </Link>
                          <Link
                            to="/register"
                          >
                            <DropdownItem
                              tag="button"
                              toggle={true}
                            >
                              Register
                            </DropdownItem>
                          </Link>
                        </React.Fragment>
                      </DropdownMenu>,
                    ],
                    "inNavbar": true,
                    "nav": true,
                  },
                  "ref": null,
                  "rendered": Array [
                    Object {
                      "instance": null,
                      "key": undefined,
                      "nodeType": "class",
                      "props": Object {
                        "aria-haspopup": true,
                        "caret": true,
                        "children": "Guest",
                        "color": "secondary",
                        "nav": true,
                      },
                      "ref": null,
                      "rendered": "Guest",
                      "type": [Function],
                    },
                    Object {
                      "instance": null,
                      "key": undefined,
                      "nodeType": "function",
                      "props": Object {
                        "children": <React.Fragment>
                          <Link
                            to="/login"
                          >
                            <DropdownItem
                              tag="button"
                              toggle={true}
                            >
                              Log in
                            </DropdownItem>
                          </Link>
                          <Link
                            to="/register"
                          >
                            <DropdownItem
                              tag="button"
                              toggle={true}
                            >
                              Register
                            </DropdownItem>
                          </Link>
                        </React.Fragment>,
                        "flip": true,
                        "right": true,
                        "tag": "div",
                      },
                      "ref": null,
                      "rendered": Object {
                        "instance": null,
                        "key": undefined,
                        "nodeType": "function",
                        "props": Object {
                          "children": Array [
                            <Link
                              to="/login"
                            >
                              <DropdownItem
                                tag="button"
                                toggle={true}
                              >
                                Log in
                              </DropdownItem>
                            </Link>,
                            <Link
                              to="/register"
                            >
                              <DropdownItem
                                tag="button"
                                toggle={true}
                              >
                                Register
                              </DropdownItem>
                            </Link>,
                          ],
                        },
                        "ref": null,
                        "rendered": Array [
                          Object {
                            "instance": null,
                            "key": undefined,
                            "nodeType": "class",
                            "props": Object {
                              "children": <DropdownItem
                                tag="button"
                                toggle={true}
                              >
                                Log in
                              </DropdownItem>,
                              "to": "/login",
                            },
                            "ref": null,
                            "rendered": Object {
                              "instance": null,
                              "key": undefined,
                              "nodeType": "class",
                              "props": Object {
                                "children": "Log in",
                                "tag": "button",
                                "toggle": true,
                              },
                              "ref": null,
                              "rendered": "Log in",
                              "type": [Function],
                            },
                            "type": [Function],
                          },
                          Object {
                            "instance": null,
                            "key": undefined,
                            "nodeType": "class",
                            "props": Object {
                              "children": <DropdownItem
                                tag="button"
                                toggle={true}
                              >
                                Register
                              </DropdownItem>,
                              "to": "/register",
                            },
                            "ref": null,
                            "rendered": Object {
                              "instance": null,
                              "key": undefined,
                              "nodeType": "class",
                              "props": Object {
                                "children": "Register",
                                "tag": "button",
                                "toggle": true,
                              },
                              "ref": null,
                              "rendered": "Register",
                              "type": [Function],
                            },
                            "type": [Function],
                          },
                        ],
                        "type": Symbol(react.fragment),
                      },
                      "type": [Function],
                    },
                  ],
                  "type": [Function],
                },
              ],
              "type": [Function],
            },
            "type": [Function],
          },
        ],
        "type": [Function],
      },
      "type": "div",
    },
  ],
  Symbol(enzyme.__options__): Object {
    "adapter": ReactSixteenAdapter {
      "options": Object {
        "enableComponentDidUpdateOnSetState": true,
        "legacyContextMode": "parent",
        "lifecycles": Object {
          "componentDidUpdate": Object {
            "onSetState": true,
          },
          "getChildContext": Object {
            "calledByRenderer": false,
          },
          "getDerivedStateFromProps": Object {
            "hasShouldComponentUpdateBug": false,
          },
          "getSnapshotBeforeUpdate": true,
          "setState": Object {
            "skipsComponentDidUpdateOnNullish": true,
          },
        },
      },
    },
  },
}
`;
